Using device: cuda
Loading dataset: breastmnist
Using downloaded and verified file: ./data\breastmnist_224.npz
Using downloaded and verified file: ./data\breastmnist_224.npz
Train samples: 546, Val samples: 78
Number of classes: 2
Model parameters: 3.27M

Epoch 1/30 (lr=0.01000)
  Batch 0/18, Loss: 0.6763
  Train Loss: 0.5457, ACC: 0.7308, AUC: 0.6676
  Val   Loss: 0.7760, ACC: 0.2692, AUC: 0.6817
  Best model saved (ACC=0.2692)

Epoch 2/30 (lr=0.01000)
  Batch 0/18, Loss: 0.3993
  Train Loss: 0.5295, ACC: 0.7656, AUC: 0.7489
  Val   Loss: 0.8428, ACC: 0.2692, AUC: 0.7151

Epoch 3/30 (lr=0.01000)
  Batch 0/18, Loss: 0.4526
  Train Loss: 0.4766, ACC: 0.7894, AUC: 0.7757
  Val   Loss: 0.6839, ACC: 0.7051, AUC: 0.7728
  Best model saved (ACC=0.7051)

Epoch 4/30 (lr=0.01000)
  Batch 0/18, Loss: 0.4473
  Train Loss: 0.3982, ACC: 0.8242, AUC: 0.8579
  Val   Loss: 0.5732, ACC: 0.7436, AUC: 0.8154
  Best model saved (ACC=0.7436)

Epoch 5/30 (lr=0.01000)
  Batch 0/18, Loss: 0.3430
  Train Loss: 0.3767, ACC: 0.8480, AUC: 0.9068
  Val   Loss: 3.5490, ACC: 0.7179, AUC: 0.5815

Epoch 6/30 (lr=0.01000)
  Batch 0/18, Loss: 0.5633
  Train Loss: 0.4318, ACC: 0.7875, AUC: 0.8419
  Val   Loss: 0.3435, ACC: 0.8462, AUC: 0.8780
  Best model saved (ACC=0.8462)

Epoch 7/30 (lr=0.01000)
  Batch 0/18, Loss: 0.6666
  Train Loss: 0.3947, ACC: 0.8205, AUC: 0.8630
  Val   Loss: 0.7981, ACC: 0.7436, AUC: 0.8764

Epoch 8/30 (lr=0.01000)
  Batch 0/18, Loss: 0.2707
  Train Loss: 0.2650, ACC: 0.9011, AUC: 0.9473
  Val   Loss: 0.3825, ACC: 0.8333, AUC: 0.9048

Epoch 9/30 (lr=0.01000)
  Batch 0/18, Loss: 0.1880
  Train Loss: 0.2331, ACC: 0.9377, AUC: 0.9788
  Val   Loss: 0.7920, ACC: 0.7949, AUC: 0.8254

Epoch 10/30 (lr=0.01000)
  Batch 0/18, Loss: 0.0551
  Train Loss: 0.4137, ACC: 0.8260, AUC: 0.8683
  Val   Loss: 0.5526, ACC: 0.7692, AUC: 0.8505

Epoch 11/30 (lr=0.01000)
  Batch 0/18, Loss: 0.3858
  Train Loss: 0.2375, ACC: 0.9084, AUC: 0.9569
  Val   Loss: 0.3608, ACC: 0.8462, AUC: 0.8814

Epoch 12/30 (lr=0.01000)
  Batch 0/18, Loss: 0.1566
  Train Loss: 0.1563, ACC: 0.9505, AUC: 0.9896
  Val   Loss: 0.6985, ACC: 0.8462, AUC: 0.8655

Epoch 13/30 (lr=0.01000)
  Batch 0/18, Loss: 0.0297
  Train Loss: 0.2948, ACC: 0.8810, AUC: 0.9428
  Val   Loss: 0.4395, ACC: 0.8205, AUC: 0.8312

Epoch 14/30 (lr=0.01000)
  Batch 0/18, Loss: 0.1622
  Train Loss: 0.1828, ACC: 0.9158, AUC: 0.9726
  Val   Loss: 0.4659, ACC: 0.8462, AUC: 0.8538

Epoch 15/30 (lr=0.01000)
  Batch 0/18, Loss: 0.0663
  Train Loss: 0.0579, ACC: 0.9853, AUC: 0.9983
  Val   Loss: 0.7083, ACC: 0.8718, AUC: 0.8488
  Best model saved (ACC=0.8718)

Epoch 16/30 (lr=0.01000)
  Batch 0/18, Loss: 0.0060
  Train Loss: 0.0179, ACC: 0.9963, AUC: 1.0000
  Val   Loss: 0.5723, ACC: 0.8462, AUC: 0.8789

Epoch 17/30 (lr=0.01000)
  Batch 0/18, Loss: 0.0037
  Train Loss: 0.0058, ACC: 1.0000, AUC: 1.0000
  Val   Loss: 0.6728, ACC: 0.8718, AUC: 0.8747

Epoch 18/30 (lr=0.01000)
  Batch 0/18, Loss: 0.0044
  Train Loss: 0.0036, ACC: 1.0000, AUC: 1.0000
  Val   Loss: 0.5706, ACC: 0.8846, AUC: 0.8864
  Best model saved (ACC=0.8846)

Epoch 19/30 (lr=0.01000)
  Batch 0/18, Loss: 0.0010
  Train Loss: 0.0029, ACC: 1.0000, AUC: 1.0000
  Val   Loss: 0.7054, ACC: 0.8974, AUC: 0.8822
  Best model saved (ACC=0.8974)

Epoch 20/30 (lr=0.01000)
  Batch 0/18, Loss: 0.0007
  Train Loss: 0.0014, ACC: 1.0000, AUC: 1.0000
  Val   Loss: 0.7088, ACC: 0.8846, AUC: 0.8755

Epoch 21/30 (lr=0.01000)
  Batch 0/18, Loss: 0.0005
  Train Loss: 0.0056, ACC: 1.0000, AUC: 1.0000
  Val   Loss: 0.8706, ACC: 0.8846, AUC: 0.8726

Epoch 22/30 (lr=0.01000)
  Batch 0/18, Loss: 0.0004
  Train Loss: 0.0055, ACC: 1.0000, AUC: 1.0000
  Val   Loss: 1.0082, ACC: 0.8718, AUC: 0.8484

Epoch 23/30 (lr=0.01000)
  Batch 0/18, Loss: 0.0055
  Train Loss: 0.0034, ACC: 1.0000, AUC: 1.0000
  Val   Loss: 1.1092, ACC: 0.8590, AUC: 0.8551

Epoch 24/30 (lr=0.01000)
  Batch 0/18, Loss: 0.0005
  Train Loss: 0.0013, ACC: 1.0000, AUC: 1.0000
  Val   Loss: 0.9922, ACC: 0.8846, AUC: 0.8622

Epoch 25/30 (lr=0.01000)
  Batch 0/18, Loss: 0.0002
  Train Loss: 0.0095, ACC: 1.0000, AUC: 1.0000
  Val   Loss: 1.3632, ACC: 0.8590, AUC: 0.8400

Epoch 26/30 (lr=0.01000)
  Batch 0/18, Loss: 0.0006
  Train Loss: 0.0501, ACC: 0.9817, AUC: 0.9965
  Val   Loss: 0.9428, ACC: 0.8077, AUC: 0.8175

Epoch 27/30 (lr=0.01000)
  Batch 0/18, Loss: 0.0056
  Train Loss: 0.0699, ACC: 0.9762, AUC: 0.9963
  Val   Loss: 0.7761, ACC: 0.8333, AUC: 0.8396

Epoch 28/30 (lr=0.01000)
  Batch 0/18, Loss: 0.0056
  Train Loss: 0.0477, ACC: 0.9817, AUC: 0.9983
  Val   Loss: 1.3904, ACC: 0.8077, AUC: 0.8250

Epoch 29/30 (lr=0.01000)
  Batch 0/18, Loss: 0.0110
  Train Loss: 0.0242, ACC: 0.9927, AUC: 0.9993
  Val   Loss: 0.9382, ACC: 0.8333, AUC: 0.8638

Epoch 30/30 (lr=0.01000)
  Batch 0/18, Loss: 0.0021
  Train Loss: 0.0223, ACC: 1.0000, AUC: 1.0000
  Val   Loss: 1.2553, ACC: 0.8462, AUC: 0.8509

Training complete. Best val ACC: 0.8974

Loading test set...
Using downloaded and verified file: ./data\breastmnist_224.npz
D:\Documents\Python Programs\lab\2026.7.17 论文重投\project\train.py:187: FutureWarning: You are using `torch.load` with `weights_only=False` (the current default value), which uses the default pickle module implicitly. It is possible to construct malicious pickle data which will execute arbitrary code during unpickling (See https://github.com/pytorch/pytorch/blob/main/SECURITY.md#untrusted-models for more details). In a future release, the default value for `weights_only` will be flipped to `True`. This limits the functions that could be executed during unpickling. Arbitrary objects will no longer be allowed to be loaded via this mode unless they are explicitly allowlisted by the user via `torch.serialization.add_safe_globals`. We recommend you start setting `weights_only=True` for any use case where you don't have full control of the loaded file. Please open an issue on GitHub for any issues related to this experimental feature.
  checkpoint = torch.load(os.path.join(args.save_dir, "best.pth"))
Test  Loss: 0.9348, ACC: 0.8141, AUC: 0.8308
