Using device: cuda
Loading dataset: pneumoniamnist
Using downloaded and verified file: ./data\pneumoniamnist_224.npz
Using downloaded and verified file: ./data\pneumoniamnist_224.npz
Train samples: 4708, Val samples: 524
Number of classes: 2
Model parameters: 3.27M

Epoch 1/150 (lr=0.01000)
  Batch 0/148, Loss: 0.6769
  Batch 50/148, Loss: 0.0958
  Batch 100/148, Loss: 0.2374
  Train Loss: 0.2178, ACC: 0.9104, AUC: 0.9619
  Val   Loss: 0.1457, ACC: 0.9523, AUC: 0.9834
  Best model saved (ACC=0.9523)

Epoch 2/150 (lr=0.01000)
  Batch 0/148, Loss: 0.1037
  Batch 50/148, Loss: 0.0257
  Batch 100/148, Loss: 0.0096
  Train Loss: 0.1275, ACC: 0.9516, AUC: 0.9867
  Val   Loss: 0.0839, ACC: 0.9637, AUC: 0.9959
  Best model saved (ACC=0.9637)

Epoch 3/150 (lr=0.01000)
  Batch 0/148, Loss: 0.0580
  Batch 50/148, Loss: 0.0729
  Batch 100/148, Loss: 0.1300
  Train Loss: 0.1045, ACC: 0.9586, AUC: 0.9914
  Val   Loss: 0.0832, ACC: 0.9656, AUC: 0.9946
  Best model saved (ACC=0.9656)

Epoch 4/150 (lr=0.01000)
  Batch 0/148, Loss: 0.0967
  Batch 50/148, Loss: 0.0915
  Batch 100/148, Loss: 0.0298
  Train Loss: 0.0712, ACC: 0.9734, AUC: 0.9956
  Val   Loss: 0.1335, ACC: 0.9485, AUC: 0.9938

Epoch 5/150 (lr=0.01000)
  Batch 0/148, Loss: 0.0958
  Batch 50/148, Loss: 0.1099
  Batch 100/148, Loss: 0.0720
  Train Loss: 0.0618, ACC: 0.9788, AUC: 0.9969
  Val   Loss: 0.1168, ACC: 0.9599, AUC: 0.9926

Epoch 6/150 (lr=0.01000)
  Batch 0/148, Loss: 0.0553
  Batch 50/148, Loss: 0.0530
  Batch 100/148, Loss: 0.0095
  Train Loss: 0.0645, ACC: 0.9771, AUC: 0.9969
  Val   Loss: 0.1341, ACC: 0.9447, AUC: 0.9875

Epoch 7/150 (lr=0.01000)
  Batch 0/148, Loss: 0.0189
  Batch 50/148, Loss: 0.0522
  Batch 100/148, Loss: 0.0151
  Train Loss: 0.0682, ACC: 0.9734, AUC: 0.9962
  Val   Loss: 0.0827, ACC: 0.9790, AUC: 0.9952
  Best model saved (ACC=0.9790)

Epoch 8/150 (lr=0.01000)
  Batch 0/148, Loss: 0.0055
  Batch 50/148, Loss: 0.0125
  Batch 100/148, Loss: 0.2844
  Train Loss: 0.0368, ACC: 0.9894, AUC: 0.9986
  Val   Loss: 0.1122, ACC: 0.9618, AUC: 0.9954

Epoch 9/150 (lr=0.01000)
  Batch 0/148, Loss: 0.0287
  Batch 50/148, Loss: 0.0298
  Batch 100/148, Loss: 0.0181
  Train Loss: 0.0225, ACC: 0.9915, AUC: 0.9996
  Val   Loss: 0.0872, ACC: 0.9714, AUC: 0.9938

Epoch 10/150 (lr=0.01000)
  Batch 0/148, Loss: 0.0190
  Batch 50/148, Loss: 0.0010
  Batch 100/148, Loss: 0.0588
  Train Loss: 0.0179, ACC: 0.9941, AUC: 0.9997
  Val   Loss: 0.0944, ACC: 0.9790, AUC: 0.9948

Epoch 11/150 (lr=0.01000)
  Batch 0/148, Loss: 0.0069
  Batch 50/148, Loss: 0.0041
  Batch 100/148, Loss: 0.0081
  Train Loss: 0.0190, ACC: 0.9926, AUC: 0.9997
  Val   Loss: 0.0833, ACC: 0.9752, AUC: 0.9958

Epoch 12/150 (lr=0.01000)
  Batch 0/148, Loss: 0.0149
  Batch 50/148, Loss: 0.2774
  Batch 100/148, Loss: 0.0002
  Train Loss: 0.0198, ACC: 0.9930, AUC: 0.9997
  Val   Loss: 0.0810, ACC: 0.9752, AUC: 0.9961

Epoch 13/150 (lr=0.01000)
  Batch 0/148, Loss: 0.0001
  Batch 50/148, Loss: 0.0002
  Batch 100/148, Loss: 0.0005
  Train Loss: 0.0072, ACC: 0.9981, AUC: 1.0000
  Val   Loss: 0.0794, ACC: 0.9771, AUC: 0.9962

Epoch 14/150 (lr=0.01000)
  Batch 0/148, Loss: 0.0435
  Batch 50/148, Loss: 0.0415
  Batch 100/148, Loss: 0.0001
  Train Loss: 0.0098, ACC: 0.9953, AUC: 0.9999
  Val   Loss: 0.1366, ACC: 0.9676, AUC: 0.9925

Epoch 15/150 (lr=0.01000)
  Batch 0/148, Loss: 0.0003
  Batch 50/148, Loss: 0.0002
  Batch 100/148, Loss: 0.0155
  Train Loss: 0.0127, ACC: 0.9951, AUC: 0.9998
  Val   Loss: 0.1069, ACC: 0.9714, AUC: 0.9959

Epoch 16/150 (lr=0.01000)
  Batch 0/148, Loss: 0.0063
  Batch 50/148, Loss: 0.0063
  Batch 100/148, Loss: 0.0004
  Train Loss: 0.0059, ACC: 0.9977, AUC: 1.0000
  Val   Loss: 0.1093, ACC: 0.9771, AUC: 0.9958

Epoch 17/150 (lr=0.01000)
  Batch 0/148, Loss: 0.0002
  Batch 50/148, Loss: 0.0000
  Batch 100/148, Loss: 0.0002
  Train Loss: 0.0028, ACC: 0.9996, AUC: 1.0000
  Val   Loss: 0.1203, ACC: 0.9676, AUC: 0.9949

Epoch 18/150 (lr=0.01000)
  Batch 0/148, Loss: 0.0006
  Batch 50/148, Loss: 0.0590
  Batch 100/148, Loss: 0.0026
  Train Loss: 0.0064, ACC: 0.9983, AUC: 1.0000
  Val   Loss: 0.0988, ACC: 0.9790, AUC: 0.9957

Epoch 19/150 (lr=0.01000)
  Batch 0/148, Loss: 0.0018
  Batch 50/148, Loss: 0.0021
  Batch 100/148, Loss: 0.0001
  Train Loss: 0.0100, ACC: 0.9966, AUC: 0.9999
  Val   Loss: 0.1079, ACC: 0.9733, AUC: 0.9928

Epoch 20/150 (lr=0.01000)
  Batch 0/148, Loss: 0.0005
  Batch 50/148, Loss: 0.0008
  Batch 100/148, Loss: 0.0348
  Train Loss: 0.0110, ACC: 0.9953, AUC: 0.9999
  Val   Loss: 0.1053, ACC: 0.9790, AUC: 0.9937

Epoch 21/150 (lr=0.01000)
  Batch 0/148, Loss: 0.0002
  Batch 50/148, Loss: 0.0021
  Batch 100/148, Loss: 0.0022
  Train Loss: 0.0091, ACC: 0.9955, AUC: 0.9999
  Val   Loss: 0.0866, ACC: 0.9790, AUC: 0.9963

Epoch 22/150 (lr=0.01000)
  Batch 0/148, Loss: 0.0001
  Batch 50/148, Loss: 0.0006
  Batch 100/148, Loss: 0.0004
  Train Loss: 0.0086, ACC: 0.9962, AUC: 0.9999
  Val   Loss: 0.1382, ACC: 0.9771, AUC: 0.9939

Epoch 23/150 (lr=0.01000)
  Batch 0/148, Loss: 0.0004
  Batch 50/148, Loss: 0.0000
  Batch 100/148, Loss: 0.0000
  Train Loss: 0.0034, ACC: 0.9994, AUC: 1.0000
  Val   Loss: 0.1001, ACC: 0.9809, AUC: 0.9951
  Best model saved (ACC=0.9809)

Epoch 24/150 (lr=0.01000)
  Batch 0/148, Loss: 0.0000
  Batch 50/148, Loss: 0.0011
  Batch 100/148, Loss: 0.0106
  Train Loss: 0.0023, ACC: 0.9996, AUC: 1.0000
  Val   Loss: 0.0977, ACC: 0.9790, AUC: 0.9950

Epoch 25/150 (lr=0.01000)
  Batch 0/148, Loss: 0.0000
  Batch 50/148, Loss: 0.0401
  Batch 100/148, Loss: 0.0001
  Train Loss: 0.0039, ACC: 0.9989, AUC: 1.0000
  Val   Loss: 0.1077, ACC: 0.9733, AUC: 0.9956

Epoch 26/150 (lr=0.01000)
  Batch 0/148, Loss: 0.0000
  Batch 50/148, Loss: 0.0000
  Batch 100/148, Loss: 0.0001
  Train Loss: 0.0013, ACC: 0.9998, AUC: 1.0000
  Val   Loss: 0.1209, ACC: 0.9752, AUC: 0.9952

Epoch 27/150 (lr=0.01000)
  Batch 0/148, Loss: 0.0000
  Batch 50/148, Loss: 0.0012
  Batch 100/148, Loss: 0.0000
  Train Loss: 0.0006, ACC: 1.0000, AUC: 1.0000
  Val   Loss: 0.1187, ACC: 0.9771, AUC: 0.9944

Epoch 28/150 (lr=0.01000)
  Batch 0/148, Loss: 0.0000
  Batch 50/148, Loss: 0.0000
  Batch 100/148, Loss: 0.0005
  Train Loss: 0.0005, ACC: 0.9998, AUC: 1.0000
  Val   Loss: 0.1071, ACC: 0.9790, AUC: 0.9955

Epoch 29/150 (lr=0.01000)
  Batch 0/148, Loss: 0.0000
