Using device: cuda
Loading dataset: retinamnist
Using downloaded and verified file: ./data\retinamnist_224.npz
Using downloaded and verified file: ./data\retinamnist_224.npz
Train samples: 1080, Val samples: 120
Number of classes: 5
Model parameters: 3.27M

Epoch 1/150 (lr=0.01000)
  Batch 0/34, Loss: 1.6818
  Train Loss: 1.2796, ACC: 0.4630, AUC: 0.6754
  Val   Loss: 1.3314, ACC: 0.5333, AUC: 0.7317
  Best model saved (ACC=0.5333)

Epoch 2/150 (lr=0.01000)
  Batch 0/34, Loss: 1.2237
  Train Loss: 1.2046, ACC: 0.5046, AUC: 0.7243
  Val   Loss: 1.1227, ACC: 0.4583, AUC: 0.7756

Epoch 3/150 (lr=0.01000)
  Batch 0/34, Loss: 1.2003
  Train Loss: 1.1810, ACC: 0.5093, AUC: 0.7369
  Val   Loss: 1.2138, ACC: 0.4750, AUC: 0.7450

Epoch 4/150 (lr=0.01000)
  Batch 0/34, Loss: 0.9226
  Train Loss: 1.1978, ACC: 0.5009, AUC: 0.7364
  Val   Loss: 1.1725, ACC: 0.4917, AUC: 0.8112

Epoch 5/150 (lr=0.01000)
  Batch 0/34, Loss: 1.2716
  Train Loss: 1.1877, ACC: 0.5074, AUC: 0.7405
  Val   Loss: 1.3270, ACC: 0.5000, AUC: 0.7317

Epoch 6/150 (lr=0.01000)
  Batch 0/34, Loss: 1.0346
  Train Loss: 1.1614, ACC: 0.5111, AUC: 0.7538
  Val   Loss: 0.9980, ACC: 0.4750, AUC: 0.8240

Epoch 7/150 (lr=0.01000)
  Batch 0/34, Loss: 1.2579
  Train Loss: 1.1532, ACC: 0.5009, AUC: 0.7600
  Val   Loss: 1.2374, ACC: 0.5167, AUC: 0.7570

Epoch 8/150 (lr=0.01000)
  Batch 0/34, Loss: 1.1675
  Train Loss: 1.1421, ACC: 0.5102, AUC: 0.7673
  Val   Loss: 1.2406, ACC: 0.5917, AUC: 0.7753
  Best model saved (ACC=0.5917)

Epoch 9/150 (lr=0.01000)
  Batch 0/34, Loss: 1.3171
  Train Loss: 1.1568, ACC: 0.5296, AUC: 0.7606
  Val   Loss: 1.1404, ACC: 0.5833, AUC: 0.7820

Epoch 10/150 (lr=0.01000)
  Batch 0/34, Loss: 1.1468
  Train Loss: 1.1372, ACC: 0.5204, AUC: 0.7727
  Val   Loss: 1.2120, ACC: 0.4250, AUC: 0.7289

Epoch 11/150 (lr=0.01000)
  Batch 0/34, Loss: 0.9238
  Train Loss: 1.1433, ACC: 0.5139, AUC: 0.7597
  Val   Loss: 1.0727, ACC: 0.4917, AUC: 0.7986

Epoch 12/150 (lr=0.01000)
  Batch 0/34, Loss: 0.9881
  Train Loss: 1.0932, ACC: 0.5380, AUC: 0.7877
  Val   Loss: 1.0969, ACC: 0.4667, AUC: 0.7852

Epoch 13/150 (lr=0.01000)
  Batch 0/34, Loss: 0.9084
  Train Loss: 1.1011, ACC: 0.5194, AUC: 0.7881
  Val   Loss: 1.1753, ACC: 0.5167, AUC: 0.7749

Epoch 14/150 (lr=0.01000)
  Batch 0/34, Loss: 1.0971
  Train Loss: 1.0865, ACC: 0.5593, AUC: 0.7957
  Val   Loss: 1.1250, ACC: 0.4667, AUC: 0.7755

Epoch 15/150 (lr=0.01000)
  Batch 0/34, Loss: 0.9665
  Train Loss: 1.0743, ACC: 0.5435, AUC: 0.8015
  Val   Loss: 1.1788, ACC: 0.5083, AUC: 0.7805

Epoch 16/150 (lr=0.01000)
  Batch 0/34, Loss: 1.0128
  Train Loss: 1.0581, ACC: 0.5509, AUC: 0.8082
  Val   Loss: 1.1450, ACC: 0.5167, AUC: 0.7377

Epoch 17/150 (lr=0.01000)
  Batch 0/34, Loss: 1.0361
  Train Loss: 1.0475, ACC: 0.5713, AUC: 0.8173
  Val   Loss: 1.0394, ACC: 0.5333, AUC: 0.8042

Epoch 18/150 (lr=0.01000)
  Batch 0/34, Loss: 0.9212
  Train Loss: 1.0245, ACC: 0.5343, AUC: 0.8200
  Val   Loss: 1.2161, ACC: 0.4333, AUC: 0.7299

Epoch 19/150 (lr=0.01000)
  Batch 0/34, Loss: 0.9293
  Train Loss: 0.9986, ACC: 0.5722, AUC: 0.8372
  Val   Loss: 1.1581, ACC: 0.4250, AUC: 0.7717

Epoch 20/150 (lr=0.01000)
  Batch 0/34, Loss: 1.0313
  Train Loss: 1.0196, ACC: 0.5685, AUC: 0.8235
  Val   Loss: 1.1380, ACC: 0.4667, AUC: 0.7901

Epoch 21/150 (lr=0.01000)
  Batch 0/34, Loss: 1.2389
  Train Loss: 0.9611, ACC: 0.5972, AUC: 0.8489
  Val   Loss: 1.2728, ACC: 0.5167, AUC: 0.7499

Epoch 22/150 (lr=0.01000)
  Batch 0/34, Loss: 0.8119
  Train Loss: 0.9439, ACC: 0.5944, AUC: 0.8525
  Val   Loss: 1.0966, ACC: 0.4917, AUC: 0.8007

Epoch 23/150 (lr=0.01000)
  Batch 0/34, Loss: 0.7591
  Train Loss: 0.9592, ACC: 0.6046, AUC: 0.8448
  Val   Loss: 1.4074, ACC: 0.4417, AUC: 0.6972

Epoch 24/150 (lr=0.01000)
  Batch 0/34, Loss: 0.7479
  Train Loss: 0.8657, ACC: 0.6343, AUC: 0.8800
  Val   Loss: 1.4544, ACC: 0.3083, AUC: 0.6861

Epoch 25/150 (lr=0.01000)
  Batch 0/34, Loss: 0.7958
  Train Loss: 0.8180, ACC: 0.6620, AUC: 0.8911
  Val   Loss: 1.2855, ACC: 0.4667, AUC: 0.7532

Epoch 26/150 (lr=0.01000)
  Batch 0/34, Loss: 0.6701
  Train Loss: 0.7980, ACC: 0.6778, AUC: 0.8979
  Val   Loss: 1.4203, ACC: 0.4583, AUC: 0.7312

Epoch 27/150 (lr=0.01000)
  Batch 0/34, Loss: 0.5222
  Train Loss: 0.6788, ACC: 0.7269, AUC: 0.9252
  Val   Loss: 1.6778, ACC: 0.4500, AUC: 0.7025

Epoch 28/150 (lr=0.01000)
  Batch 0/34, Loss: 0.4570
