Using device: cuda
Loading dataset: organcmnist
Using downloaded and verified file: ./data\organcmnist_224.npz
Using downloaded and verified file: ./data\organcmnist_224.npz
Train samples: 12975, Val samples: 2392
Number of classes: 11
Model parameters: 3.28M

Epoch 1/150 (lr=0.01000)
  Batch 0/406, Loss: 2.3919
  Batch 50/406, Loss: 0.9569
  Batch 100/406, Loss: 0.5102
  Batch 150/406, Loss: 0.8246
  Batch 200/406, Loss: 0.5296
  Batch 250/406, Loss: 0.4235
  Batch 300/406, Loss: 0.4768
  Batch 350/406, Loss: 0.5310
  Batch 400/406, Loss: 0.5044
  Train Loss: 0.7125, ACC: 0.7321, AUC: 0.9664
  Val   Loss: 0.3827, ACC: 0.8554, AUC: 0.9946
  Best model saved (ACC=0.8554)

Epoch 2/150 (lr=0.01000)
  Batch 0/406, Loss: 0.6043
  Batch 50/406, Loss: 0.3653
  Batch 100/406, Loss: 0.3852
  Batch 150/406, Loss: 0.2829
  Batch 200/406, Loss: 0.3031
  Batch 250/406, Loss: 0.4659
  Batch 300/406, Loss: 0.5695
  Batch 350/406, Loss: 0.4465
  Batch 400/406, Loss: 0.2097
  Train Loss: 0.3393, ACC: 0.8753, AUC: 0.9905
  Val   Loss: 0.1793, ACC: 0.9461, AUC: 0.9992
  Best model saved (ACC=0.9461)

Epoch 3/150 (lr=0.01000)
  Batch 0/406, Loss: 0.5352
  Batch 50/406, Loss: 0.1516
  Batch 100/406, Loss: 0.1457
  Batch 150/406, Loss: 0.1605
  Batch 200/406, Loss: 0.3784
  Batch 250/406, Loss: 0.3411
  Batch 300/406, Loss: 0.0239
  Batch 350/406, Loss: 0.3820
  Batch 400/406, Loss: 0.1827
  Train Loss: 0.2421, ACC: 0.9120, AUC: 0.9950
  Val   Loss: 0.1491, ACC: 0.9603, AUC: 0.9993
  Best model saved (ACC=0.9603)

Epoch 4/150 (lr=0.01000)
  Batch 0/406, Loss: 0.1708
  Batch 50/406, Loss: 0.1415
  Batch 100/406, Loss: 0.2210
  Batch 150/406, Loss: 0.1296
  Batch 200/406, Loss: 0.2515
  Batch 250/406, Loss: 0.1348
  Batch 300/406, Loss: 0.0977
  Batch 350/406, Loss: 0.1032
  Batch 400/406, Loss: 0.2577
  Train Loss: 0.1905, ACC: 0.9319, AUC: 0.9969
  Val   Loss: 0.1214, ACC: 0.9645, AUC: 0.9994
  Best model saved (ACC=0.9645)

Epoch 5/150 (lr=0.01000)
  Batch 0/406, Loss: 0.1275
  Batch 50/406, Loss: 0.2372
  Batch 100/406, Loss: 0.2282
  Batch 150/406, Loss: 0.1956
  Batch 200/406, Loss: 0.0300
  Batch 250/406, Loss: 0.4583
  Batch 300/406, Loss: 0.0461
  Batch 350/406, Loss: 0.0889
  Batch 400/406, Loss: 0.1207
  Train Loss: 0.1568, ACC: 0.9442, AUC: 0.9978
  Val   Loss: 0.1404, ACC: 0.9507, AUC: 0.9991

Epoch 6/150 (lr=0.01000)
  Batch 0/406, Loss: 0.0720
  Batch 50/406, Loss: 0.1568
  Batch 100/406, Loss: 0.2153
  Batch 150/406, Loss: 0.0715
  Batch 200/406, Loss: 0.0761
  Batch 250/406, Loss: 0.0168
  Batch 300/406, Loss: 0.0604
  Batch 350/406, Loss: 0.0944
  Batch 400/406, Loss: 0.1107
  Train Loss: 0.1282, ACC: 0.9555, AUC: 0.9985
  Val   Loss: 0.1274, ACC: 0.9661, AUC: 0.9995
  Best model saved (ACC=0.9661)

Epoch 7/150 (lr=0.01000)
  Batch 0/406, Loss: 0.1761
  Batch 50/406, Loss: 0.0576
  Batch 100/406, Loss: 0.0342
  Batch 150/406, Loss: 0.0684
  Batch 200/406, Loss: 0.0687
  Batch 250/406, Loss: 0.2000
  Batch 300/406, Loss: 0.0857
  Batch 350/406, Loss: 0.1040
  Batch 400/406, Loss: 0.0356
  Train Loss: 0.0947, ACC: 0.9660, AUC: 0.9992
  Val   Loss: 0.1675, ACC: 0.9645, AUC: 0.9991

Epoch 8/150 (lr=0.01000)
  Batch 0/406, Loss: 0.1368
  Batch 50/406, Loss: 0.0205
  Batch 100/406, Loss: 0.1150
  Batch 150/406, Loss: 0.0560
  Batch 200/406, Loss: 0.0273
  Batch 250/406, Loss: 0.0408
  Batch 300/406, Loss: 0.0455
  Batch 350/406, Loss: 0.1687
  Batch 400/406, Loss: 0.1634
  Train Loss: 0.0779, ACC: 0.9726, AUC: 0.9994
  Val   Loss: 0.1196, ACC: 0.9653, AUC: 0.9996

Epoch 9/150 (lr=0.01000)
  Batch 0/406, Loss: 0.1043
  Batch 50/406, Loss: 0.0560
  Batch 100/406, Loss: 0.0187
  Batch 150/406, Loss: 0.2416
  Batch 200/406, Loss: 0.0276
  Batch 250/406, Loss: 0.1073
  Batch 300/406, Loss: 0.0137
  Batch 350/406, Loss: 0.0779
  Batch 400/406, Loss: 0.0383
  Train Loss: 0.0688, ACC: 0.9766, AUC: 0.9995
  Val   Loss: 0.1351, ACC: 0.9682, AUC: 0.9995
  Best model saved (ACC=0.9682)

Epoch 10/150 (lr=0.01000)
  Batch 0/406, Loss: 0.0679
  Batch 50/406, Loss: 0.0212
  Batch 100/406, Loss: 0.0906
  Batch 150/406, Loss: 0.0402
  Batch 200/406, Loss: 0.0464
  Batch 250/406, Loss: 0.0129
  Batch 300/406, Loss: 0.1387
  Batch 350/406, Loss: 0.0129
  Batch 400/406, Loss: 0.0761
  Train Loss: 0.0615, ACC: 0.9787, AUC: 0.9996
  Val   Loss: 0.1368, ACC: 0.9712, AUC: 0.9995
  Best model saved (ACC=0.9712)

Epoch 11/150 (lr=0.01000)
  Batch 0/406, Loss: 0.0573
  Batch 50/406, Loss: 0.0044
  Batch 100/406, Loss: 0.0084
  Batch 150/406, Loss: 0.0538
  Batch 200/406, Loss: 0.0017
  Batch 250/406, Loss: 0.0373
  Batch 300/406, Loss: 0.0376
  Batch 350/406, Loss: 0.0529
  Batch 400/406, Loss: 0.0102
  Train Loss: 0.0434, ACC: 0.9861, AUC: 0.9998
  Val   Loss: 0.1356, ACC: 0.9728, AUC: 0.9995
  Best model saved (ACC=0.9728)

Epoch 12/150 (lr=0.01000)
  Batch 0/406, Loss: 0.0219
  Batch 50/406, Loss: 0.0105
  Batch 100/406, Loss: 0.0585
  Batch 150/406, Loss: 0.0343
  Batch 200/406, Loss: 0.0030
  Batch 250/406, Loss: 0.0403
  Batch 300/406, Loss: 0.1271
  Batch 350/406, Loss: 0.0637
  Batch 400/406, Loss: 0.0162
  Train Loss: 0.0376, ACC: 0.9865, AUC: 0.9999
  Val   Loss: 0.1699, ACC: 0.9553, AUC: 0.9995

Epoch 13/150 (lr=0.01000)
  Batch 0/406, Loss: 0.0833
  Batch 50/406, Loss: 0.0112
  Batch 100/406, Loss: 0.0036
  Batch 150/406, Loss: 0.0232
  Batch 200/406, Loss: 0.0024
  Batch 250/406, Loss: 0.0061
  Batch 300/406, Loss: 0.0548
  Batch 350/406, Loss: 0.0553
  Batch 400/406, Loss: 0.0183
  Train Loss: 0.0325, ACC: 0.9886, AUC: 0.9999
  Val   Loss: 0.1475, ACC: 0.9737, AUC: 0.9992
  Best model saved (ACC=0.9737)

Epoch 14/150 (lr=0.01000)
  Batch 0/406, Loss: 0.0071
  Batch 50/406, Loss: 0.0068
  Batch 100/406, Loss: 0.0072
  Batch 150/406, Loss: 0.0018
  Batch 200/406, Loss: 0.1989
  Batch 250/406, Loss: 0.0104
  Batch 300/406, Loss: 0.0017
  Batch 350/406, Loss: 0.0046
  Batch 400/406, Loss: 0.0478
  Train Loss: 0.0287, ACC: 0.9903, AUC: 0.9999
  Val   Loss: 0.1177, ACC: 0.9732, AUC: 0.9997

Epoch 15/150 (lr=0.01000)
  Batch 0/406, Loss: 0.0865
  Batch 50/406, Loss: 0.0040
  Batch 100/406, Loss: 0.0005
  Batch 150/406, Loss: 0.1049
  Batch 200/406, Loss: 0.0129
  Batch 250/406, Loss: 0.0026
  Batch 300/406, Loss: 0.0099
  Batch 350/406, Loss: 0.0413
  Batch 400/406, Loss: 0.0063
  Train Loss: 0.0225, ACC: 0.9932, AUC: 0.9999
  Val   Loss: 0.1423, ACC: 0.9686, AUC: 0.9992

Epoch 16/150 (lr=0.01000)
