Using device: cuda
Loading dataset: organcmnist
Using downloaded and verified file: ./data\organcmnist_224.npz
Using downloaded and verified file: ./data\organcmnist_224.npz
Train samples: 12975, Val samples: 2392
Number of classes: 11
Model parameters: 3.28M
  Batch 0/406, Loss: 2.3919
  Batch 50/406, Loss: 0.9569
  Batch 100/406, Loss: 0.5102
  Batch 150/406, Loss: 0.8246
  Batch 200/406, Loss: 0.5296
  Batch 250/406, Loss: 0.4235
  Batch 300/406, Loss: 0.4768
  Batch 350/406, Loss: 0.5310
  Batch 400/406, Loss: 0.5044
2026-07-20 19:25:44 | 249.4s | Epoch   1/50 | lr=0.01000 | Train Loss: 0.7125 ACC: 0.7321 AUC: 0.9664 | Val Loss: 0.3827 ACC: 0.8554 AUC: 0.9946
  -> New best saved (ACC=0.8554)
  Batch 0/406, Loss: 0.6043
  Batch 50/406, Loss: 0.3653
  Batch 100/406, Loss: 0.3852
  Batch 150/406, Loss: 0.2829
  Batch 200/406, Loss: 0.3031
  Batch 250/406, Loss: 0.4659
  Batch 300/406, Loss: 0.5695
  Batch 350/406, Loss: 0.4465
  Batch 400/406, Loss: 0.2097
2026-07-20 19:30:03 | 258.7s | Epoch   2/50 | lr=0.01000 | Train Loss: 0.3393 ACC: 0.8753 AUC: 0.9905 | Val Loss: 0.1793 ACC: 0.9461 AUC: 0.9992
  -> New best saved (ACC=0.9461)
  Batch 0/406, Loss: 0.5352
  Batch 50/406, Loss: 0.1516
  Batch 100/406, Loss: 0.1457
  Batch 150/406, Loss: 0.1605
  Batch 200/406, Loss: 0.3784
  Batch 250/406, Loss: 0.3411
  Batch 300/406, Loss: 0.0239
  Batch 350/406, Loss: 0.3820
  Batch 400/406, Loss: 0.1827
2026-07-20 19:34:11 | 247.8s | Epoch   3/50 | lr=0.01000 | Train Loss: 0.2421 ACC: 0.9120 AUC: 0.9950 | Val Loss: 0.1491 ACC: 0.9603 AUC: 0.9993
  -> New best saved (ACC=0.9603)
  Batch 0/406, Loss: 0.1708
  Batch 50/406, Loss: 0.1415
  Batch 100/406, Loss: 0.2210
  Batch 150/406, Loss: 0.1296
  Batch 200/406, Loss: 0.2515
  Batch 250/406, Loss: 0.1348
  Batch 300/406, Loss: 0.0977
  Batch 350/406, Loss: 0.1032
  Batch 400/406, Loss: 0.2577
2026-07-20 19:38:23 | 251.6s | Epoch   4/50 | lr=0.01000 | Train Loss: 0.1905 ACC: 0.9319 AUC: 0.9969 | Val Loss: 0.1214 ACC: 0.9645 AUC: 0.9994
  -> New best saved (ACC=0.9645)
  Batch 0/406, Loss: 0.1275
  Batch 50/406, Loss: 0.2372
  Batch 100/406, Loss: 0.2282
  Batch 150/406, Loss: 0.1956
  Batch 200/406, Loss: 0.0300
  Batch 250/406, Loss: 0.4583
  Batch 300/406, Loss: 0.0461
  Batch 350/406, Loss: 0.0889
  Batch 400/406, Loss: 0.1207
2026-07-20 19:42:30 | 246.8s | Epoch   5/50 | lr=0.01000 | Train Loss: 0.1568 ACC: 0.9442 AUC: 0.9978 | Val Loss: 0.1404 ACC: 0.9507 AUC: 0.9991
  Batch 0/406, Loss: 0.0720
  Batch 50/406, Loss: 0.1568
  Batch 100/406, Loss: 0.2153
  Batch 150/406, Loss: 0.0715
  Batch 200/406, Loss: 0.0761
  Batch 250/406, Loss: 0.0168
  Batch 300/406, Loss: 0.0604
  Batch 350/406, Loss: 0.0944
  Batch 400/406, Loss: 0.1107
2026-07-20 19:46:41 | 250.9s | Epoch   6/50 | lr=0.01000 | Train Loss: 0.1282 ACC: 0.9555 AUC: 0.9985 | Val Loss: 0.1274 ACC: 0.9661 AUC: 0.9995
  -> New best saved (ACC=0.9661)
  Batch 0/406, Loss: 0.1761
  Batch 50/406, Loss: 0.0576
  Batch 100/406, Loss: 0.0342
  Batch 150/406, Loss: 0.0684
  Batch 200/406, Loss: 0.0687
  Batch 250/406, Loss: 0.2000
  Batch 300/406, Loss: 0.0857
  Batch 350/406, Loss: 0.1040
  Batch 400/406, Loss: 0.0356
2026-07-20 19:50:53 | 251.8s | Epoch   7/50 | lr=0.01000 | Train Loss: 0.0947 ACC: 0.9660 AUC: 0.9992 | Val Loss: 0.1675 ACC: 0.9645 AUC: 0.9991
  Batch 0/406, Loss: 0.1368
  Batch 50/406, Loss: 0.0205
  Batch 100/406, Loss: 0.1150
  Batch 150/406, Loss: 0.0560
  Batch 200/406, Loss: 0.0273
  Batch 250/406, Loss: 0.0408
  Batch 300/406, Loss: 0.0455
  Batch 350/406, Loss: 0.1687
  Batch 400/406, Loss: 0.1634
2026-07-20 19:55:06 | 252.9s | Epoch   8/50 | lr=0.01000 | Train Loss: 0.0779 ACC: 0.9726 AUC: 0.9994 | Val Loss: 0.1196 ACC: 0.9653 AUC: 0.9996
  Batch 0/406, Loss: 0.1043
  Batch 50/406, Loss: 0.0560
  Batch 100/406, Loss: 0.0187
  Batch 150/406, Loss: 0.2416
  Batch 200/406, Loss: 0.0276
  Batch 250/406, Loss: 0.1073
  Batch 300/406, Loss: 0.0137
  Batch 350/406, Loss: 0.0779
  Batch 400/406, Loss: 0.0383
2026-07-20 19:59:17 | 250.6s | Epoch   9/50 | lr=0.01000 | Train Loss: 0.0688 ACC: 0.9766 AUC: 0.9995 | Val Loss: 0.1351 ACC: 0.9682 AUC: 0.9995
  -> New best saved (ACC=0.9682)
  Batch 0/406, Loss: 0.0679
  Batch 50/406, Loss: 0.0212
  Batch 100/406, Loss: 0.0906
  Batch 150/406, Loss: 0.0402
  Batch 200/406, Loss: 0.0464
  Batch 250/406, Loss: 0.0129
  Batch 300/406, Loss: 0.1387
  Batch 350/406, Loss: 0.0129
  Batch 400/406, Loss: 0.0761
2026-07-20 20:03:24 | 247.3s | Epoch  10/50 | lr=0.01000 | Train Loss: 0.0615 ACC: 0.9787 AUC: 0.9996 | Val Loss: 0.1368 ACC: 0.9712 AUC: 0.9995
  -> New best saved (ACC=0.9712)
  Batch 0/406, Loss: 0.0573
  Batch 50/406, Loss: 0.0044
  Batch 100/406, Loss: 0.0084
  Batch 150/406, Loss: 0.0538
  Batch 200/406, Loss: 0.0017
  Batch 250/406, Loss: 0.0373
  Batch 300/406, Loss: 0.0376
  Batch 350/406, Loss: 0.0529
  Batch 400/406, Loss: 0.0102
2026-07-20 20:07:34 | 249.7s | Epoch  11/50 | lr=0.01000 | Train Loss: 0.0434 ACC: 0.9861 AUC: 0.9998 | Val Loss: 0.1356 ACC: 0.9728 AUC: 0.9995
  -> New best saved (ACC=0.9728)
  Batch 0/406, Loss: 0.0219
  Batch 50/406, Loss: 0.0105
  Batch 100/406, Loss: 0.0585
  Batch 150/406, Loss: 0.0343
  Batch 200/406, Loss: 0.0030
  Batch 250/406, Loss: 0.0403
  Batch 300/406, Loss: 0.1271
  Batch 350/406, Loss: 0.0637
  Batch 400/406, Loss: 0.0162
2026-07-20 20:11:43 | 248.6s | Epoch  12/50 | lr=0.01000 | Train Loss: 0.0376 ACC: 0.9865 AUC: 0.9999 | Val Loss: 0.1699 ACC: 0.9553 AUC: 0.9995
  Batch 0/406, Loss: 0.0833
  Batch 50/406, Loss: 0.0112
  Batch 100/406, Loss: 0.0036
  Batch 150/406, Loss: 0.0232
  Batch 200/406, Loss: 0.0024
  Batch 250/406, Loss: 0.0061
  Batch 300/406, Loss: 0.0548
  Batch 350/406, Loss: 0.0553
  Batch 400/406, Loss: 0.0183
2026-07-20 20:15:54 | 250.5s | Epoch  13/50 | lr=0.01000 | Train Loss: 0.0325 ACC: 0.9886 AUC: 0.9999 | Val Loss: 0.1475 ACC: 0.9737 AUC: 0.9992
  -> New best saved (ACC=0.9737)
  Batch 0/406, Loss: 0.0071
  Batch 50/406, Loss: 0.0068
  Batch 100/406, Loss: 0.0072
  Batch 150/406, Loss: 0.0018
  Batch 200/406, Loss: 0.1989
  Batch 250/406, Loss: 0.0104
  Batch 300/406, Loss: 0.0017
  Batch 350/406, Loss: 0.0046
  Batch 400/406, Loss: 0.0478
2026-07-20 20:20:07 | 253.2s | Epoch  14/50 | lr=0.01000 | Train Loss: 0.0287 ACC: 0.9903 AUC: 0.9999 | Val Loss: 0.1177 ACC: 0.9732 AUC: 0.9997
  Batch 0/406, Loss: 0.0865
  Batch 50/406, Loss: 0.0040
  Batch 100/406, Loss: 0.0005
  Batch 150/406, Loss: 0.1049
  Batch 200/406, Loss: 0.0129
  Batch 250/406, Loss: 0.0026
  Batch 300/406, Loss: 0.0099
  Batch 350/406, Loss: 0.0413
  Batch 400/406, Loss: 0.0063
2026-07-20 20:24:19 | 251.3s | Epoch  15/50 | lr=0.01000 | Train Loss: 0.0225 ACC: 0.9932 AUC: 0.9999 | Val Loss: 0.1423 ACC: 0.9686 AUC: 0.9992
  Batch 0/406, Loss: 0.0106
  Batch 50/406, Loss: 0.0015
  Batch 100/406, Loss: 0.0621
  Batch 150/406, Loss: 0.0530
  Batch 200/406, Loss: 0.0306
  Batch 250/406, Loss: 0.0270
  Batch 300/406, Loss: 0.0048
  Batch 350/406, Loss: 0.0243
  Batch 400/406, Loss: 0.0079
2026-07-20 20:28:25 | 246.7s | Epoch  16/50 | lr=0.01000 | Train Loss: 0.0220 ACC: 0.9921 AUC: 1.0000 | Val Loss: 0.1634 ACC: 0.9712 AUC: 0.9991
  Batch 0/406, Loss: 0.0312
  Batch 50/406, Loss: 0.0083
  Batch 100/406, Loss: 0.0329
  Batch 150/406, Loss: 0.1048
  Batch 200/406, Loss: 0.0005
  Batch 250/406, Loss: 0.0048
  Batch 300/406, Loss: 0.0060
  Batch 350/406, Loss: 0.0043
  Batch 400/406, Loss: 0.0050
2026-07-20 20:32:34 | 248.2s | Epoch  17/50 | lr=0.01000 | Train Loss: 0.0131 ACC: 0.9956 AUC: 1.0000 | Val Loss: 0.1391 ACC: 0.9682 AUC: 0.9996
  Batch 0/406, Loss: 0.0198
  Batch 50/406, Loss: 0.0355
  Batch 100/406, Loss: 0.0030
  Batch 150/406, Loss: 0.0120
  Batch 200/406, Loss: 0.0037
  Batch 250/406, Loss: 0.0015
  Batch 300/406, Loss: 0.0051
  Batch 350/406, Loss: 0.0037
  Batch 400/406, Loss: 0.0005
2026-07-20 20:36:45 | 251.0s | Epoch  18/50 | lr=0.01000 | Train Loss: 0.0147 ACC: 0.9958 AUC: 1.0000 | Val Loss: 0.1179 ACC: 0.9791 AUC: 0.9996
  -> New best saved (ACC=0.9791)
  Batch 0/406, Loss: 0.0058
  Batch 50/406, Loss: 0.0018
  Batch 100/406, Loss: 0.0125
  Batch 150/406, Loss: 0.0406
  Batch 200/406, Loss: 0.0066
  Batch 250/406, Loss: 0.0061
  Batch 300/406, Loss: 0.0196
  Batch 350/406, Loss: 0.0025
  Batch 400/406, Loss: 0.0004
2026-07-20 20:40:55 | 249.9s | Epoch  19/50 | lr=0.01000 | Train Loss: 0.0142 ACC: 0.9955 AUC: 1.0000 | Val Loss: 0.1051 ACC: 0.9783 AUC: 0.9997
  Batch 0/406, Loss: 0.0013
  Batch 50/406, Loss: 0.1502
  Batch 100/406, Loss: 0.0043
  Batch 150/406, Loss: 0.0028
  Batch 200/406, Loss: 0.0070
  Batch 250/406, Loss: 0.0209
  Batch 300/406, Loss: 0.0726
  Batch 350/406, Loss: 0.0268
  Batch 400/406, Loss: 0.0009
2026-07-20 20:45:02 | 246.7s | Epoch  20/50 | lr=0.01000 | Train Loss: 0.0278 ACC: 0.9912 AUC: 0.9999 | Val Loss: 0.1102 ACC: 0.9808 AUC: 0.9997
  -> New best saved (ACC=0.9808)
  Batch 0/406, Loss: 0.0025
  Batch 50/406, Loss: 0.0135
  Batch 100/406, Loss: 0.0017
  Batch 150/406, Loss: 0.0014
  Batch 200/406, Loss: 0.0012
  Batch 250/406, Loss: 0.0006
  Batch 300/406, Loss: 0.0637
  Batch 350/406, Loss: 0.0353
  Batch 400/406, Loss: 0.0113
2026-07-20 20:49:14 | 252.1s | Epoch  21/50 | lr=0.01000 | Train Loss: 0.0229 ACC: 0.9923 AUC: 0.9999 | Val Loss: 0.2021 ACC: 0.9574 AUC: 0.9987
  Batch 0/406, Loss: 0.1022
  Batch 50/406, Loss: 0.0081
  Batch 100/406, Loss: 0.0297
  Batch 150/406, Loss: 0.0021
  Batch 200/406, Loss: 0.0024
  Batch 250/406, Loss: 0.0006
  Batch 300/406, Loss: 0.0005
  Batch 350/406, Loss: 0.0032
  Batch 400/406, Loss: 0.0176
2026-07-20 20:53:24 | 249.9s | Epoch  22/50 | lr=0.01000 | Train Loss: 0.0137 ACC: 0.9961 AUC: 1.0000 | Val Loss: 0.1275 ACC: 0.9741 AUC: 0.9996
  Batch 0/406, Loss: 0.0002
  Batch 50/406, Loss: 0.0048
  Batch 100/406, Loss: 0.0113
  Batch 150/406, Loss: 0.0007
  Batch 200/406, Loss: 0.0024
  Batch 250/406, Loss: 0.0017
  Batch 300/406, Loss: 0.0003
  Batch 350/406, Loss: 0.0001
  Batch 400/406, Loss: 0.0033
2026-07-20 20:57:33 | 248.9s | Epoch  23/50 | lr=0.01000 | Train Loss: 0.0108 ACC: 0.9971 AUC: 1.0000 | Val Loss: 0.1615 ACC: 0.9770 AUC: 0.9992
  Batch 0/406, Loss: 0.0030
  Batch 50/406, Loss: 0.0095
  Batch 100/406, Loss: 0.0106
  Batch 150/406, Loss: 0.0033
  Batch 200/406, Loss: 0.0011
  Batch 250/406, Loss: 0.2910
  Batch 300/406, Loss: 0.0015
  Batch 350/406, Loss: 0.0002
  Batch 400/406, Loss: 0.0139
2026-07-20 21:01:44 | 250.3s | Epoch  24/50 | lr=0.01000 | Train Loss: 0.0161 ACC: 0.9951 AUC: 1.0000 | Val Loss: 0.1250 ACC: 0.9808 AUC: 0.9992
  Batch 0/406, Loss: 0.0779
  Batch 50/406, Loss: 0.0026
  Batch 100/406, Loss: 0.0011
  Batch 150/406, Loss: 0.0013
  Batch 200/406, Loss: 0.0081
  Batch 250/406, Loss: 0.0027
  Batch 300/406, Loss: 0.0111
  Batch 350/406, Loss: 0.0006
  Batch 400/406, Loss: 0.0001
2026-07-20 21:05:55 | 250.8s | Epoch  25/50 | lr=0.01000 | Train Loss: 0.0049 ACC: 0.9988 AUC: 1.0000 | Val Loss: 0.1332 ACC: 0.9787 AUC: 0.9995
  Batch 0/406, Loss: 0.0044
  Batch 50/406, Loss: 0.0237
  Batch 100/406, Loss: 0.0169
  Batch 150/406, Loss: 0.0003
  Batch 200/406, Loss: 0.0130
  Batch 250/406, Loss: 0.0006
  Batch 300/406, Loss: 0.0001
  Batch 350/406, Loss: 0.0004
  Batch 400/406, Loss: 0.0009
2026-07-20 21:10:09 | 254.3s | Epoch  26/50 | lr=0.01000 | Train Loss: 0.0057 ACC: 0.9985 AUC: 1.0000 | Val Loss: 0.1634 ACC: 0.9712 AUC: 0.9991
  Batch 0/406, Loss: 0.0239
  Batch 50/406, Loss: 0.0006
  Batch 100/406, Loss: 0.0030
  Batch 150/406, Loss: 0.0001
  Batch 200/406, Loss: 0.0014
  Batch 250/406, Loss: 0.0001
  Batch 300/406, Loss: 0.0002
  Batch 350/406, Loss: 0.0002
  Batch 400/406, Loss: 0.0024
2026-07-20 21:14:22 | 252.4s | Epoch  27/50 | lr=0.01000 | Train Loss: 0.0053 ACC: 0.9986 AUC: 1.0000 | Val Loss: 0.1122 ACC: 0.9799 AUC: 0.9996
  Batch 0/406, Loss: 0.0000
  Batch 50/406, Loss: 0.0002
  Batch 100/406, Loss: 0.0018
  Batch 150/406, Loss: 0.0005
  Batch 200/406, Loss: 0.0003
  Batch 250/406, Loss: 0.0222
  Batch 300/406, Loss: 0.0007
  Batch 350/406, Loss: 0.0007
  Batch 400/406, Loss: 0.0013
2026-07-20 21:18:33 | 251.6s | Epoch  28/50 | lr=0.01000 | Train Loss: 0.0027 ACC: 0.9995 AUC: 1.0000 | Val Loss: 0.1171 ACC: 0.9774 AUC: 0.9996
  Batch 0/406, Loss: 0.0008
  Batch 50/406, Loss: 0.0011
  Batch 100/406, Loss: 0.0020
  Batch 150/406, Loss: 0.0001
  Batch 200/406, Loss: 0.0034
  Batch 250/406, Loss: 0.0038
  Batch 300/406, Loss: 0.0010
  Batch 350/406, Loss: 0.0135
  Batch 400/406, Loss: 0.0003
2026-07-20 21:22:42 | 248.6s | Epoch  29/50 | lr=0.01000 | Train Loss: 0.0092 ACC: 0.9973 AUC: 1.0000 | Val Loss: 0.0981 ACC: 0.9795 AUC: 0.9996
  Batch 0/406, Loss: 0.0122
  Batch 50/406, Loss: 0.0171
  Batch 100/406, Loss: 0.0012
  Batch 150/406, Loss: 0.0673
  Batch 200/406, Loss: 0.0097
  Batch 250/406, Loss: 0.0031
  Batch 300/406, Loss: 0.0002
  Batch 350/406, Loss: 0.0134
  Batch 400/406, Loss: 0.0002
2026-07-20 21:26:53 | 251.3s | Epoch  30/50 | lr=0.01000 | Train Loss: 0.0063 ACC: 0.9984 AUC: 1.0000 | Val Loss: 0.1279 ACC: 0.9745 AUC: 0.9995
  Batch 0/406, Loss: 0.0001
  Batch 50/406, Loss: 0.0791
  Batch 100/406, Loss: 0.0007
  Batch 150/406, Loss: 0.0033
  Batch 200/406, Loss: 0.0001
  Batch 250/406, Loss: 0.0001
  Batch 300/406, Loss: 0.0002
  Batch 350/406, Loss: 0.0059
  Batch 400/406, Loss: 0.0002
2026-07-20 21:31:03 | 249.4s | Epoch  31/50 | lr=0.01000 | Train Loss: 0.0041 ACC: 0.9988 AUC: 1.0000 | Val Loss: 0.1284 ACC: 0.9762 AUC: 0.9995
  Batch 0/406, Loss: 0.0002
  Batch 50/406, Loss: 0.0075
  Batch 100/406, Loss: 0.0004
  Batch 150/406, Loss: 0.0018
  Batch 200/406, Loss: 0.0000
  Batch 250/406, Loss: 0.0003
  Batch 300/406, Loss: 0.0000
  Batch 350/406, Loss: 0.0039
  Batch 400/406, Loss: 0.0001
2026-07-20 21:35:14 | 250.6s | Epoch  32/50 | lr=0.01000 | Train Loss: 0.0039 ACC: 0.9992 AUC: 1.0000 | Val Loss: 0.1082 ACC: 0.9795 AUC: 0.9996
  Batch 0/406, Loss: 0.0001
  Batch 50/406, Loss: 0.0001
  Batch 100/406, Loss: 0.0024
  Batch 150/406, Loss: 0.0212
  Batch 200/406, Loss: 0.0000
  Batch 250/406, Loss: 0.0086
  Batch 300/406, Loss: 0.0079
  Batch 350/406, Loss: 0.0021
  Batch 400/406, Loss: 0.0001
2026-07-20 21:39:27 | 253.6s | Epoch  33/50 | lr=0.01000 | Train Loss: 0.0019 ACC: 0.9997 AUC: 1.0000 | Val Loss: 0.1067 ACC: 0.9808 AUC: 0.9996
  Batch 0/406, Loss: 0.0022
  Batch 50/406, Loss: 0.0009
  Batch 100/406, Loss: 0.0000
  Batch 150/406, Loss: 0.0005
  Batch 200/406, Loss: 0.0005
  Batch 250/406, Loss: 0.0005
  Batch 300/406, Loss: 0.0001
  Batch 350/406, Loss: 0.0001
  Batch 400/406, Loss: 0.0016
2026-07-20 21:43:39 | 251.1s | Epoch  34/50 | lr=0.01000 | Train Loss: 0.0025 ACC: 0.9992 AUC: 1.0000 | Val Loss: 0.1158 ACC: 0.9791 AUC: 0.9998
  Batch 0/406, Loss: 0.0117
  Batch 50/406, Loss: 0.0001
  Batch 100/406, Loss: 0.0003
  Batch 150/406, Loss: 0.0001
  Batch 200/406, Loss: 0.0115
  Batch 250/406, Loss: 0.0006
  Batch 300/406, Loss: 0.0000
  Batch 350/406, Loss: 0.0001
  Batch 400/406, Loss: 0.0002
2026-07-20 21:47:48 | 249.2s | Epoch  35/50 | lr=0.01000 | Train Loss: 0.0013 ACC: 0.9997 AUC: 1.0000 | Val Loss: 0.1095 ACC: 0.9808 AUC: 0.9996
  Batch 0/406, Loss: 0.0021
  Batch 50/406, Loss: 0.0001
  Batch 100/406, Loss: 0.0002
  Batch 150/406, Loss: 0.0002
  Batch 200/406, Loss: 0.0001
  Batch 250/406, Loss: 0.0020
  Batch 300/406, Loss: 0.0005
  Batch 350/406, Loss: 0.0002
  Batch 400/406, Loss: 0.0012
2026-07-20 21:51:57 | 249.0s | Epoch  36/50 | lr=0.01000 | Train Loss: 0.0009 ACC: 0.9998 AUC: 1.0000 | Val Loss: 0.0916 ACC: 0.9829 AUC: 0.9998
  -> New best saved (ACC=0.9829)
  Batch 0/406, Loss: 0.0000
  Batch 50/406, Loss: 0.0000
  Batch 100/406, Loss: 0.0001
  Batch 150/406, Loss: 0.0004
  Batch 200/406, Loss: 0.0066
  Batch 250/406, Loss: 0.0029
  Batch 300/406, Loss: 0.0001
  Batch 350/406, Loss: 0.0003
  Batch 400/406, Loss: 0.0007
2026-07-20 21:56:07 | 250.0s | Epoch  37/50 | lr=0.01000 | Train Loss: 0.0015 ACC: 0.9997 AUC: 1.0000 | Val Loss: 0.1125 ACC: 0.9812 AUC: 0.9997
  Batch 0/406, Loss: 0.0001
  Batch 50/406, Loss: 0.0002
  Batch 100/406, Loss: 0.0001
  Batch 150/406, Loss: 0.0049
  Batch 200/406, Loss: 0.0004
  Batch 250/406, Loss: 0.0002
  Batch 300/406, Loss: 0.0000
  Batch 350/406, Loss: 0.0008
  Batch 400/406, Loss: 0.0015
2026-07-20 22:00:20 | 252.9s | Epoch  38/50 | lr=0.01000 | Train Loss: 0.0014 ACC: 0.9998 AUC: 1.0000 | Val Loss: 0.1075 ACC: 0.9804 AUC: 0.9997
  Batch 0/406, Loss: 0.0001
  Batch 50/406, Loss: 0.0000
  Batch 100/406, Loss: 0.0031
  Batch 150/406, Loss: 0.0001
  Batch 200/406, Loss: 0.0050
  Batch 250/406, Loss: 0.0002
  Batch 300/406, Loss: 0.0004
  Batch 350/406, Loss: 0.0002
  Batch 400/406, Loss: 0.0000
2026-07-20 22:04:36 | 255.5s | Epoch  39/50 | lr=0.01000 | Train Loss: 0.0018 ACC: 0.9996 AUC: 1.0000 | Val Loss: 0.1081 ACC: 0.9799 AUC: 0.9997
  Batch 0/406, Loss: 0.0002
  Batch 50/406, Loss: 0.0002
  Batch 100/406, Loss: 0.0001
  Batch 150/406, Loss: 0.0004
  Batch 200/406, Loss: 0.0006
  Batch 250/406, Loss: 0.0001
  Batch 300/406, Loss: 0.0003
  Batch 350/406, Loss: 0.0005
  Batch 400/406, Loss: 0.0001
2026-07-20 22:08:49 | 252.8s | Epoch  40/50 | lr=0.01000 | Train Loss: 0.0009 ACC: 0.9998 AUC: 1.0000 | Val Loss: 0.1188 ACC: 0.9770 AUC: 0.9997
  Batch 0/406, Loss: 0.0002
  Batch 50/406, Loss: 0.0025
  Batch 100/406, Loss: 0.0000
  Batch 150/406, Loss: 0.0001
  Batch 200/406, Loss: 0.0001
  Batch 250/406, Loss: 0.0002
  Batch 300/406, Loss: 0.0000
  Batch 350/406, Loss: 0.0001
  Batch 400/406, Loss: 0.0000
2026-07-20 22:12:58 | 249.1s | Epoch  41/50 | lr=0.01000 | Train Loss: 0.0006 ACC: 0.9999 AUC: 1.0000 | Val Loss: 0.1057 ACC: 0.9795 AUC: 0.9998
  Batch 0/406, Loss: 0.0001
  Batch 50/406, Loss: 0.0003
  Batch 100/406, Loss: 0.0004
  Batch 150/406, Loss: 0.0001
  Batch 200/406, Loss: 0.0000
  Batch 250/406, Loss: 0.0001
  Batch 300/406, Loss: 0.0002
  Batch 350/406, Loss: 0.0000
  Batch 400/406, Loss: 0.0001
2026-07-20 22:17:20 | 262.2s | Epoch  42/50 | lr=0.01000 | Train Loss: 0.0005 ACC: 1.0000 AUC: 1.0000 | Val Loss: 0.1019 ACC: 0.9795 AUC: 0.9998
  Batch 0/406, Loss: 0.0001
  Batch 50/406, Loss: 0.0001
  Batch 100/406, Loss: 0.0001
  Batch 150/406, Loss: 0.0000
  Batch 200/406, Loss: 0.0004
  Batch 250/406, Loss: 0.0000
  Batch 300/406, Loss: 0.0000
  Batch 350/406, Loss: 0.0006
  Batch 400/406, Loss: 0.0003
2026-07-20 22:21:46 | 265.5s | Epoch  43/50 | lr=0.01000 | Train Loss: 0.0005 ACC: 0.9999 AUC: 1.0000 | Val Loss: 0.1150 ACC: 0.9787 AUC: 0.9998
  Batch 0/406, Loss: 0.0002
  Batch 50/406, Loss: 0.0002
  Batch 100/406, Loss: 0.0001
  Batch 150/406, Loss: 0.0000
  Batch 200/406, Loss: 0.0000
  Batch 250/406, Loss: 0.0008
  Batch 300/406, Loss: 0.0001
  Batch 350/406, Loss: 0.0002
  Batch 400/406, Loss: 0.0000
2026-07-20 22:26:16 | 269.7s | Epoch  44/50 | lr=0.01000 | Train Loss: 0.0004 ACC: 0.9999 AUC: 1.0000 | Val Loss: 0.0940 ACC: 0.9829 AUC: 0.9998
  Batch 0/406, Loss: 0.0019
  Batch 50/406, Loss: 0.0000
  Batch 100/406, Loss: 0.0000
  Batch 150/406, Loss: 0.0000
  Batch 200/406, Loss: 0.0002
  Batch 250/406, Loss: 0.0006
  Batch 300/406, Loss: 0.0050
  Batch 350/406, Loss: 0.0002
  Batch 400/406, Loss: 0.0001
2026-07-20 22:30:49 | 273.5s | Epoch  45/50 | lr=0.01000 | Train Loss: 0.0005 ACC: 0.9999 AUC: 1.0000 | Val Loss: 0.1008 ACC: 0.9804 AUC: 0.9998
  Batch 0/406, Loss: 0.0000
  Batch 50/406, Loss: 0.0003
  Batch 100/406, Loss: 0.0001
  Batch 150/406, Loss: 0.0001
  Batch 200/406, Loss: 0.0001
  Batch 250/406, Loss: 0.0005
  Batch 300/406, Loss: 0.0001
  Batch 350/406, Loss: 0.0001
  Batch 400/406, Loss: 0.0000
2026-07-20 22:35:14 | 264.0s | Epoch  46/50 | lr=0.01000 | Train Loss: 0.0005 ACC: 1.0000 AUC: 1.0000 | Val Loss: 0.0930 ACC: 0.9808 AUC: 0.9998
  Batch 0/406, Loss: 0.0001
  Batch 50/406, Loss: 0.0000
  Batch 100/406, Loss: 0.0001
  Batch 150/406, Loss: 0.0003
  Batch 200/406, Loss: 0.0002
  Batch 250/406, Loss: 0.0002
  Batch 300/406, Loss: 0.0001
  Batch 350/406, Loss: 0.0002
  Batch 400/406, Loss: 0.0001
2026-07-20 22:39:37 | 263.6s | Epoch  47/50 | lr=0.01000 | Train Loss: 0.0008 ACC: 0.9998 AUC: 1.0000 | Val Loss: 0.0954 ACC: 0.9824 AUC: 0.9997
  Batch 0/406, Loss: 0.0002
  Batch 50/406, Loss: 0.0015
  Batch 100/406, Loss: 0.0022
  Batch 150/406, Loss: 0.0012
  Batch 200/406, Loss: 0.0005
  Batch 250/406, Loss: 0.0005
  Batch 300/406, Loss: 0.0047
  Batch 350/406, Loss: 0.0012
  Batch 400/406, Loss: 0.0061
2026-07-20 22:44:01 | 263.6s | Epoch  48/50 | lr=0.01000 | Train Loss: 0.0055 ACC: 0.9989 AUC: 0.9999 | Val Loss: 0.1195 ACC: 0.9749 AUC: 0.9995
  Batch 0/406, Loss: 0.0011
  Batch 50/406, Loss: 0.0007
  Batch 100/406, Loss: 0.0016
  Batch 150/406, Loss: 0.0017
  Batch 200/406, Loss: 0.0000
  Batch 250/406, Loss: 0.0002
  Batch 300/406, Loss: 0.0005
  Batch 350/406, Loss: 0.0006
  Batch 400/406, Loss: 0.0002
2026-07-20 22:48:29 | 267.8s | Epoch  49/50 | lr=0.01000 | Train Loss: 0.0043 ACC: 0.9988 AUC: 1.0000 | Val Loss: 0.1329 ACC: 0.9758 AUC: 0.9996
  Batch 0/406, Loss: 0.0002
  Batch 50/406, Loss: 0.0001
  Batch 100/406, Loss: 0.0016
  Batch 150/406, Loss: 0.0016
  Batch 200/406, Loss: 0.0001
  Batch 250/406, Loss: 0.0005
  Batch 300/406, Loss: 0.0027
  Batch 350/406, Loss: 0.0015
  Batch 400/406, Loss: 0.0008
2026-07-20 22:52:57 | 268.2s | Epoch  50/50 | lr=0.01000 | Train Loss: 0.0016 ACC: 0.9998 AUC: 1.0000 | Val Loss: 0.0968 ACC: 0.9820 AUC: 0.9998

Training complete. Best val ACC: 0.9829

Loading test set...
Using downloaded and verified file: ./data\organcmnist_224.npz
D:\Documents\Python Programs\lab\2026.7.17 论文重投\project\scripts\train.py:202: FutureWarning: You are using `torch.load` with `weights_only=False` (the current default value), which uses the default pickle module implicitly. It is possible to construct malicious pickle data which will execute arbitrary code during unpickling (See https://github.com/pytorch/pytorch/blob/main/SECURITY.md#untrusted-models for more details). In a future release, the default value for `weights_only` will be flipped to `True`. This limits the functions that could be executed during unpickling. Arbitrary objects will no longer be allowed to be loaded via this mode unless they are explicitly allowlisted by the user via `torch.serialization.add_safe_globals`. We recommend you start setting `weights_only=True` for any use case where you don't have full control of the loaded file. Please open an issue on GitHub for any issues related to this experimental feature.
  checkpoint = torch.load(os.path.join(args.save_dir, "best.pth"))
Test  Loss: 0.3971, ACC: 0.9277, AUC: 0.9947
